✔ [1222/1320] Built LeanFactory.Prelude (1.0s)
✔ [1704/1740] Built LeanFactory.Overnight.DualTopEval (735ms)
✔ [1705/1740] Built LeanFactory.Overnight.PositiveSimplicial (721ms)
✔ [1706/1740] Built LeanFactory.Overnight.HullSingletonSimplicial (647ms)
✔ [1707/1740] Built LeanFactory.Batch.SimplicialBasis (708ms)
✔ [1711/1740] Built LeanFactory.Batch.SimplicialMap (733ms)
✔ [1712/1740] Built LeanFactory.Overnight.MaxRidBidual (1.1s)
✔ [1713/1740] Built LeanFactory.Overnight.MinIsupIsup (920ms)
✔ [1714/1740] Built LeanFactory.Overnight.MinBotRight (808ms)
✔ [1715/1740] Built LeanFactory.Overnight.MinEqBotIff (963ms)
✔ [1716/1740] Built LeanFactory.Overnight.TmulOneMaxMem (967ms)
✔ [1717/1740] Built LeanFactory.Overnight.MinHullLeft (889ms)
✔ [1718/1740] Built LeanFactory.Overnight.MinSupSup (939ms)
✔ [1719/1740] Built LeanFactory.Overnight.MaxTopRight (920ms)
✔ [1720/1740] Built LeanFactory.Sprint.BasisConeCoordinates (901ms)
✔ [1721/1740] Built LeanFactory.Sprint.MaxLidBidual (985ms)
✔ [1722/1740] Built LeanFactory.Sprint.MaxTopLeft (869ms)
✔ [1723/1740] Built LeanFactory.Sprint.MinTopTop (946ms)
✔ [1724/1740] Built LeanFactory.Sprint.MinGenerating (831ms)
✔ [1725/1740] Built LeanFactory.Sprint.MinDualMem (868ms)
✔ [1726/1740] Built LeanFactory.Sprint.MinPositiveMapIff (825ms)
✔ [1727/1740] Built LeanFactory.Sprint.MinRays (913ms)
✔ [1728/1740] Built LeanFactory.Sprint.MinRid (882ms)
✔ [1729/1740] Built LeanFactory.Sprint.MinISupRight (920ms)
✔ [1730/1740] Built LeanFactory.Sprint.MinSupRight (883ms)
✔ [1731/1740] Built LeanFactory.Batch.MaxEquiv (1.3s)
✔ [1732/1740] Built LeanFactory.Batch.MinLid (879ms)
✔ [1733/1740] Built LeanFactory.Batch.MinISup (911ms)
✔ [1734/1740] Built LeanFactory.Batch.MinSup (995ms)
✔ [1735/1740] Built LeanFactory.Batch.MinHull (861ms)
✔ [1736/1740] Built LeanFactory.Batch.MinBot (860ms)
✔ [1737/1740] Built LeanFactory.Batch.MinLeIff (806ms)
✔ [1738/1740] Built LeanFactory.ConeTensorMap (826ms)
✔ [1739/1740] Built LeanFactory (673ms)
Build completed successfully (1740 jobs).
